screenshots     /Users/karissmac/Documents/Cursor.Code/tidebreak/evidence/refit/phone-gate/loaded.png
                /Users/karissmac/Documents/Cursor.Code/tidebreak/evidence/refit/phone-gate/started.png
                /Users/karissmac/Documents/Cursor.Code/tidebreak/evidence/refit/phone-gate/moving.png
verdict.json    /Users/karissmac/Documents/Cursor.Code/tidebreak/evidence/refit/phone-gate/verdict.json
held            #stick dragged up and held 6 s
path length     438.5 m over the run
wire bytes      6.6 MB compressed, 61 responses
renderer        ANGLE (Apple, ANGLE Metal Renderer: Apple M5, Unspecified Version)

=== 404 JAM VERDICT ===
url             http://localhost:4173/
utc             2026-09-24T22:42:01.221Z
commit          not given
viewport        390x844 @3x phone, real touch, Android Chrome UA
network         4G: 4 Mbps down, 1 Mbps up, 60 ms latency, CPU 2x slower
ready           11.7 s   budget 20 s   PASS
weight          6.6 MB   budget 10 MB   PASS
started         yes (tap on #quickraceb)
moved           369.6 m   needs 1 m   PASS
peak draws      634   budget 900   PASS
peak tris       1,102,900   budget 1,500,000   PASS
median fps      59.94691051278622 (ANGLE (Apple, ANGLE Metal Renderer: Apple M5, Unspecified Version))
errors          0   PASS
404s            0   PASS
external deps   none
outside folder  none, every file came from the game folder
RESULT: PASS
=== END ===
