{
  "errors": [],
  "game": {
    "cameraDistance": 14.400856546232589,
    "menuStep": "arenas",
    "arena": "meridian",
    "checkpoint": 0,
    "sector": 0,
    "sectorName": "MERIDIAN",
    "pickups": 1,
    "roster": [
      true,
      false,
      false,
      false,
      false,
      false
    ],
    "rivals": [
      {
        "id": "rival-1",
        "name": "VESPER",
        "s": 246.24389175433708,
        "lane": -21.833123780544867,
        "speed": 88.48923012533389,
        "boost": 100,
        "claimed": 1,
        "shield": 4.883399999999963,
        "invulnerable": 0,
        "hits": 0,
        "ammo": 4,
        "eliminated": false,
        "finished": false,
        "shots": 0,
        "damageDealt": 0
      },
      {
        "id": "rival-2",
        "name": "MOSS",
        "s": 240.69916410675887,
        "lane": 2.6905533111233586,
        "speed": 91.07549558465531,
        "boost": 100,
        "claimed": 0,
        "shield": 4.883399999999963,
        "invulnerable": 0,
        "hits": 0,
        "ammo": 4,
        "eliminated": false,
        "finished": false,
        "shots": 0,
        "damageDealt": 0
      },
      {
        "id": "rival-3",
        "name": "CINDER",
        "s": 259.3560134228582,
        "lane": 21.64516207943028,
        "speed": 100.95080456858477,
        "boost": 100,
        "claimed": 1,
        "shield": 4.883399999999963,
        "invulnerable": 0,
        "hits": 0,
        "ammo": 4,
        "eliminated": false,
        "finished": false,
        "shots": 0,
        "damageDealt": 0
      },
      {
        "id": "rival-4",
        "name": "ECHO",
        "s": 236.76593732805614,
        "lane": -7.218113005003456,
        "speed": 91.57138049051461,
        "boost": 100,
        "claimed": 0,
        "shield": 4.883399999999963,
        "invulnerable": 0,
        "hits": 0,
        "ammo": 4,
        "eliminated": false,
        "finished": false,
        "shots": 0,
        "damageDealt": 0
      },
      {
        "id": "rival-5",
        "name": "MARSHAL",
        "s": 248.01574968181393,
        "lane": 6.833755881808405,
        "speed": 90.42362644394295,
        "boost": 100,
        "claimed": 1,
        "shield": 4.883399999999963,
        "invulnerable": 0,
        "hits": 0,
        "ammo": 6,
        "eliminated": false,
        "finished": false,
        "shots": 0,
        "damageDealt": 0
      }
    ],
    "nextPickup": {
      "s": 640,
      "offset": -6,
      "type": "SEEKER"
    },
    "lethalAhead": null,
    "weapons": {
      "ammo": 4,
      "special": null,
      "specialAmmo": 0,
      "defenses": 2,
      "hits": 0,
      "kills": 0,
      "shots": 0,
      "damageDealt": 0,
      "shield": 4.783399999999997,
      "invulnerable": 0,
      "eliminated": false,
      "incoming": false,
      "cooldown": 0,
      "projectiles": 0,
      "pursuit": 0,
      "drafting": false
    },
    "obstacleAhead": [],
    "orbit": {
      "yaw": 1.1663160000000077,
      "pitch": 0.3
    },
    "lensDrops": 4,
    "surgeWindow": null,
    "craft": "KESTREL",
    "foilAngle": 1.9985788953930198e-11,
    "engineIntensity": 6.180758699642073,
    "exhaustScale": 3.0815676245202774,
    "air": 0,
    "collisions": 0,
    "rampsAhead": [],
    "pos": [
      260.3147723620013,
      1313.50147278149
    ],
    "fps": 60.00695467086213,
    "speed": 92.59797653251735,
    "score": 0,
    "over": false,
    "draws": 385,
    "tris": 881560,
    "progress": 0.03082478205216303,
    "heading": 1.5968637900745926,
    "guideHeading": 1.6643086161087937,
    "lateral": -3.340616484148997,
    "boost": 100,
    "boosts": 1,
    "jumps": 0,
    "signals": 0,
    "surges": 0,
    "place": 1,
    "chapter": 0,
    "state": "race",
    "unlocked": [
      true,
      false,
      false,
      false,
      false,
      false
    ],
    "elapsed": 3.1166,
    "courseLength": 8446.83764021624
  }
}
ERRORS []
