
> tidebreak@0.1.0 test
> node --test tests/campaign.test.mjs tests/combat.test.mjs tests/race-rules.test.mjs tests/handling.test.mjs

✔ six territories start with only Meridian and Rook available (0.729375ms)
✔ practice, abandoned runs and elimination cannot clear a territory (0.15075ms)
✔ each objective unlocks exactly the next territory and persists (0.505584ms)
✔ old career earnings migrate without unlocking unrelated new routes (0.113875ms)
✔ invalid saves and progression gaps do not grant territories (0.189209ms)
✔ three separate damaging hits eliminate; recovery prevents a chain kill (1.069209ms)
✔ shields block damage, have finite charges, and supplies do not erase three-hit history (0.100541ms)
✔ weapon ammunition, target eligibility and cooldown apply equally to both IDs (0.172875ms)
✔ missiles use swept collision; changing lanes after final approach dodges them (0.230083ms)
✔ red hazards eliminate unprotected racers, shields provide counterplay (0.050334ms)
✔ pursuit and slipstream depend on race geometry, never human identity (0.079417ms)
✔ finishers rank by crossing time, active racers by distance, eliminated racers by survival (0.291834ms)
✔ seeded opponents attack each other and outcomes vary across races (95.674625ms)
✔ mines arm behind the owner and bombs damage rivals inside their marked area (0.181083ms)
✔ laser has a visible ignition interval and can hit a moving target after charging (0.117625ms)
✔ swept hull stops at a pier even when a frame crosses the entire solid (0.564042ms)
✔ glancing contact slides along a solid face without entering it (0.148583ms)
✔ clear lanes, reverse approaches and rotated solids use the same footprint (0.125708ms)
✔ an overlapping hull is expelled, and a stopped hull stays outside (0.137375ms)
✔ boost lasts ten seconds, recharges in ten, and partial reserves work (0.115584ms)
✔ empty held boost cannot pulse, braking charges, launch does not drain reserve (0.051917ms)
✔ ramps support slow hulls, launch only off the lip and reject side misses (0.083791ms)
✔ AI commits to the ramp deck instead of aiming through its side rail (0.787042ms)
✔ AI stays outside a barrier until its stern clears, even after passing its center (0.102125ms)
✔ earliest touch owns a shared pickup, independent of array ordering (0.389458ms)
✔ swept entry catches fast movement and rejects nearby misses (0.068541ms)
✔ AI has finite boost and no dependency on player position (4.272958ms)
✔ finished rivals stop and cannot lap into the active race (0.270042ms)
ℹ tests 28
ℹ suites 0
ℹ pass 28
ℹ fail 0
ℹ cancelled 0
ℹ skipped 0
ℹ todo 0
ℹ duration_ms 142.428417
