screenshots     /Users/adams/Desktop/404_GAMES/tidebreak/evidence/compliance/stock-local-final/loaded.png
                /Users/adams/Desktop/404_GAMES/tidebreak/evidence/compliance/stock-local-final/started.png
                /Users/adams/Desktop/404_GAMES/tidebreak/evidence/compliance/stock-local-final/moving.png
verdict.json    /Users/adams/Desktop/404_GAMES/tidebreak/evidence/compliance/stock-local-final/verdict.json
held            #stick dragged up and held 6 s
path length     425.9 m over the run
wire bytes      6.6 MB compressed, 59 responses
renderer        ANGLE (Apple, ANGLE Metal Renderer: Apple M4, Unspecified Version)

=== 404 JAM VERDICT ===
url             http://localhost:4173/
utc             2026-09-24T10:23:19.793Z
commit          a52d1c6474646a724d2b92245ab04e8e7a0f201b
viewport        390x844 @3x phone, real touch, Android Chrome UA
network         4G: 4 Mbps down, 1 Mbps up, 60 ms latency, CPU 2x slower
ready           14.7 s   budget 20 s   PASS
weight          6.6 MB   budget 10 MB   PASS
started         yes (tap on #quickraceb)
moved           302.4 m   needs 1 m   PASS
peak draws      487   budget 900   PASS
peak tris       981,900   budget 1,500,000   PASS
median fps      57.83710976913345 (ANGLE (Apple, ANGLE Metal Renderer: Apple M4, Unspecified Version))
errors          0   PASS
404s            0   PASS
external deps   none
outside folder  none, every file came from the game folder
RESULT: PASS
=== END ===
